// Vitest Snapshot v1, https://vitest.dev/guide/snapshot.html

exports[`Language Feature Coverage - Golden Format Tests > formats ComplexClass.gs according to snapshot 1`] = `
"package com.example.formatting

uses java.util.List
uses java.lang.String

/**
 * A complex class demonstrating various Gosu formatting constructs.
 * This serves as a golden standard for class formatting.
 */
public class ComplexClass<T extends String> {

  // Class-level constants
  private static final var MAX_SIZE: int = 100
  private static final var DEFAULT_NAME: String = "default"

  // Instance fields
  private var _name: String as Name
  private var _items: List<T> as Items
  private var _count: int as Count

  // Static fields
  public static var instanceCount: int = 0

  /**
   * Default constructor with initialization.
   */
  construct() {
    _name = DEFAULT_NAME
    _items = new ArrayList<T>()
    _count = 0
    instanceCount++
  }

  /**
   * Constructor with parameters.
   */
  construct(name: String, items: List<T>) {
    _name = name
    _items = items
    _count = items.size()
    instanceCount++
  }

  /**
   * Gets the name property.
   */
  public function getName(): String {
    return _name
  }

  /**
   * Sets the name property.
   */
  public function setName(name: String): void {
    _name = name
  }

  /**
   * Gets the items list.
   */
  public function getItems(): List<T> {
    return _items
  }

  /**
   * Adds an item to the list.
   */
  public function addItem(item: T): void {
    _items.add(item)
    _count++
  }

  /**
   * Removes an item from the list.
   */
  public function removeItem(item: T): boolean {
    var removed: boolean = _items.remove(item)
    if (removed) {
      _count--
    }
    return removed
  }

  /**
   * Gets the current count.
   */
  public function getCount(): int {
    return _count
  }

  /**
   * Checks if the list is empty.
   */
  public function isEmpty(): boolean {
    return _count == 0
  }

  /**
   * Clears all items.
   */
  public function clear(): void {
    _items.clear()
    _count = 0
  }

  /**
   * Static utility method.
   */
  public static function createDefault(): ComplexClass<String> {
    return new ComplexClass<String>()
  }
}
"
`;

exports[`Language Feature Coverage - Golden Format Tests > formats ComplexEnhancement.gsx according to snapshot 1`] = `
"package com.example.enhancements

uses java.util.List
uses java.util.Map
uses java.util.ArrayList
uses java.util.HashMap

/**
 * Complex enhancement demonstrating various enhancement patterns.
 */
enhancement ComplexEnhancement: String {

  /**
   * Checks if the string is blank (null, empty, or whitespace only).
   */
  public function isBlank(): boolean {
    return this == null || this.trim().length() == 0
  }

  /**
   * Checks if the string is not blank.
   */
  public function isNotBlank(): boolean {
    return !this.isBlank()
  }

  /**
   * Converts the string to title case.
   */
  public function toTitleCase(): String {
    if (this.isBlank()) {
      return this
    }

    var words: List<String> = this.split(" ")
    var result: String = ""

    for (word in words index i) {
      if (i > 0) {
        result += " "
      }
      result += word.substring(0, 1).toUpperCase() + word.substring(1).toLowerCase()
    }

    return result
  }

  /**
   * Pads the string to the specified length.
   */
  public function padLeft(length: int, padChar: String = " "): String {
    if (this.length() >= length) {
      return this
    }

    var padding: String = ""
    var padLength: int = length - this.length()

    while (padding.length() <padLength) {
      padding += padChar
    }

    return padding + this
  }

  /**
   * Pads the string to the specified length on the right.
   */
  public function padRight(length: int, padChar: String = " "): String {
    if (this.length() >= length) {
      return this
    }

    var padding: String = ""
    var padLength: int = length - this.length()

    while (padding.length() <padLength) {
      padding += padChar
    }

    return this + padding
  }

  /**
   * Truncates the string to the specified length.
   */
  public function truncate(maxLength: int): String {
    if (this.length() <= maxLength) {
      return this
    }
    return this.substring(0, maxLength) + "..."
  }

  /**
   * Converts the string to a slug format.
   */
  public function toSlug(): String {
    return this.toLowerCase()
    .replaceAll("[^a-z0-9\\\\s-]", "")
    .replaceAll("\\\\s+", "-")
    .replaceAll("-+", "-")
    .replaceAll("^-|-$", "")
  }

  /**
   * Extracts initials from the string.
   */
  public function toInitials(): String {
    if (this.isBlank()) {
      return ""
    }

    var words: List<String> = this.split(" ")
    var initials: String = ""

    for (word in words) {
      if (word.isNotBlank()) {
        initials += word.substring(0, 1).toUpperCase()
      }
    }

    return initials
  }

  /**
   * Formats the string as currency.
   */
  public function toCurrency(currencySymbol: String = "$"): String {
    try {
      var value: double = Double.parseDouble(this)
      return currencySymbol + String.format("%.2f", {
        value
      })
    } catch (e: Exception) {
      return this
    }
  }

  /**
   * Converts the string to a map of character frequencies.
   */
  public function toCharacterFrequencyMap(): Map<String, int> {
    var map: Map<String, int> = new HashMap<String, int>()

    for (i in 0..|this.length()) {
      var char: String = this.substring(i, i + 1)
      var count: int = map.get(char) ?: 0
      map.put(char, count + 1)
    }

    return map
  }
}
"
`;

exports[`Language Feature Coverage - Golden Format Tests > formats ComplexInterface.gs according to snapshot 1`] = `
"package com.example.formatting

uses java.util.List

/**
 * A complex interface demonstrating interface formatting.
 */
public interface ComplexInterface<T> {

  /**
   * Gets an item by index.
   */
  public function getItem(index: int): T

  /**
   * Sets an item at the specified index.
   */
  public function setItem(index: int, item: T): void

  /**
   * Adds an item to the collection.
   */
  public function addItem(item: T): boolean

  /**
   * Removes an item from the collection.
   */
  public function removeItem(item: T): boolean

  /**
   * Gets all items.
   */
  public function getItems(): List<T>

  /**
   * Gets the size of the collection.
   */
  public function size(): int

  /**
   * Checks if the collection is empty.
   */
  public function isEmpty(): boolean

  /**
   * Clears all items.
   */
  public function clear(): void

  /**
   * Default method implementation.
   */
  public function defaultMethod(): String {
    return "default"
  }

  /**
   * Static utility method.
   */
  public static function create(): ComplexInterface<String> {
    return new ArrayList<String>() as ComplexInterface<String>
  }
}
"
`;

exports[`Language Feature Coverage - Golden Format Tests > formats ComplexTemplate.gst according to snapshot 1`] = `
"<%@ params(items: List<String>, title: String) %>
<%@ params(showIndex: boolean = true) %>

<html>
  <head>
    <title>\${title}</title>
    <style>
      .item {
        margin: 10px 0;
        padding: 5px;
        border: 1px solid #ccc;
      }
      .index {
        font-weight: bold;
        color: #666;
      }
    </style>
  </head>
  <body>
    <h1>\${title}</h1>

    <% if (items != null && !items.isEmpty()) { %>
      <ul>
        <% for (item in items index i) { %>
          <li class="item">
            <% if (showIndex) { %>
              <span class="index">\${i + 1}.</span>
            <% } %>
            \${item}
          </li>
        <% } %>
      </ul>
    <% } else { %>
      <p>No items to display.</p>
    <% } %>

    <div>
      <p>Total items: \${items?.size() ?: 0}</p>
      <p>Generated at: \${new java.util.Date()}</p>
    </div>

    <% if (items != null) { %>
      <div>
        <h2>Item Details</h2>
        <% for (item in items) { %>
          <div class="item-detail">
            <strong>\${item}</strong>
            <span>Length: \${item.length()}</span>
          </div>
        <% } %>
      </div>
    <% } %>
  </body>
</html>"
`;

exports[`Language Feature Coverage - Golden Format Tests > formats ControlFlowStatements.gs according to snapshot 1`] = `
"package com.example.formatting

uses java.util.List
uses java.util.ArrayList

/**
 * Class demonstrating control flow statement formatting.
 */
public class ControlFlowStatements {

  /**
   * Demonstrates if-else statement formatting.
   */
  public function demonstrateIfElse(value: int): String {
    if (value > 10) {
      return "large"
    } else if (value > 5) {
      return "medium"
    } else {
      return "small"
    }
  }

  /**
   * Demonstrates complex conditional logic.
   */
  public function complexConditionals(items: List<String>): String {
    if (items == null) {
      return "null"
    } else if (items.isEmpty()) {
      return "empty"
    } else if (items.size() == 1) {
      return "single: " + items.get(0)
    } else {
      var result: String = "multiple: "
      for (item in items index i) {
        if (i > 0) {
          result += ", "
        }
        result += item
      }
      return result
    }
  }

  /**
   * Demonstrates various loop constructs.
   */
  public function demonstrateLoops(): void {
    // For loop with index
    for (i in 0. .10) {
      print("Index: " + i)
    }

    // For loop with collection
    var items: List<String> = new ArrayList<String>()
    items.add("a")
    items.add("b")
    items.add("c")

    for (item in items index i) {
      print("Item " + i + ": " + item)
    }

    // While loop
    var count: int = 0
    while (count<5) {
      print("Count: " + count)
      count++
    }

    // Do-while loop
    var x: int = 0
    do {
      print("X: " + x)
      x++
    } while (x<3)
  }

  /**
   * Demonstrates try-catch-finally blocks.
   */
  public function demonstrateExceptionHandling(): String {
    try {
      var result: String = riskyOperation()
      return "Success: " + result
    } catch (e: Exception) {
      print("Error occurred: " + e.Message)
      return "Error handled"
    } finally {
      print("Cleanup performed")
    }
  }

  /**
   * Demonstrates switch statement.
   */
  public function demonstrateSwitch(value: String): String {
    switch (value) {
      case "a":
      return "First letter"
      case "b":
      return "Second letter"
      case "c":
      return "Third letter"
      default:
      return "Other letter"
    }
  }

  /**
   * Demonstrates lambda expressions.
   */
  public function demonstrateLambdas(): void {
    var numbers: List<int> = new ArrayList<int>()
    numbers.add(1)
    numbers.add(2)
    numbers.add(3)

    // Lambda with explicit parameter types
    numbers.each(\\ item: int -> print("Item: " + item))

    // Lambda with implicit parameter types
    numbers.each(\\ item -> print("Item: " + item))

    // Lambda with multiple statements
    numbers.each(\\ item -> {
      var doubled: int = item * 2
      print("Doubled: " + doubled)
    })

    // Lambda in method call
    var sum: int = numbers.reduce(0, \\ acc: int, item: int -> acc + item)
    print("Sum: " + sum)
  }

  /**
   * Simulates a risky operation.
   */
  private function riskyOperation(): String {
    return "operation result"
  }
}
"
`;
